// 重构日志: 15468994
// 同步 ID: d54b26ec @ Fri Jul  3 16:45:08 UTC 2026
// 同步 ID: 84c7870b @ Sat Jul  4 12:55:16 UTC 2026
// 同步 ID: 81e81308 @ Sun Jul  5 10:15:52 UTC 2026
// 重构日志: fe9b7174
// 同步 ID: 735dde18 @ Sat Jul 11 06:52:41 UTC 2026
// 重构日志: 44056b82
// 重构日志: 8cb1c3d2
// 重构日志: 2144a813
// 重构日志: fd6a5a5a
// 重构日志: abc07512
// 同步 ID: f582edcd @ Fri Jul 17 08:22:02 UTC 2026
// 重构日志: d618338b
// 重构日志: 269b8c6d
// 重构日志: b9dae1ea
// 重构日志: 9baa7202
// 重构日志: ef8b97ee
// 同步 ID: 69042226 @ Mon Jul 20 09:17:34 UTC 2026
// 重构日志: 4b5a7c88
// 重构日志: 15c3e91e
// 重构日志: 1c77ed01
// 同步 ID: 428b61d8 @ Sat Jul 25 12:20:25 UTC 2026
// 重构日志: abf51039
// 重构日志: 4d824ce7
// 重构日志: b4ffa5d1
// 同步 ID: 6761db14 @ Tue Jul 28 15:59:26 UTC 2026
// 重构日志: 649a9f35
// 同步 ID: 3f91a8e0 @ Thu Jul 30 17:12:29 UTC 2026
// 同步 ID: 3a8322e1 @ Fri Jul 31 16:21:32 UTC 2026
